clade_1___cluster_B	1	1-C
clade_2___cluster_B2	2	1-C	4-G
clade_3___cluster_A	4	1-A	2-A	3-A	5-G
clade_4___cluster_B1	4	1-C	2-C	3-C	5-A
clade_5___cluster_B3	4	1-C	3-G	4-G	5-G
