(('a-1','a-2')'clade_3___cluster_A',(("b-1",b-2)'clade_4___cluster_B1',(bb-1,(bbb-1,bbb-2)'clade_5___cluster_B3')'clade_2___cluster_B2')'clade_1___cluster_B')cluster_C;
